Beginning execution at 0x0100
Y86 CPU state:
  %rip: ffffffffffffffff   flags: Z0 S0 O0     ADR
  %rax: 0000000000000000    %rcx: 0000000000000000
  %rdx: 0000000000000000    %rbx: 0000000000000000
  %rsp: 0000000000000000    %rbp: 0000000000000000
  %rsi: 0000000000000000    %rdi: 0000000000000000
Total execution count: 1
