Beginning execution at 0x0100
Y86 CPU state:
  %rip: 0000000000000100   flags: Z0 S0 O0     AOK
  %rax: 0000000000000000    %rcx: 0000000000000000
  %rdx: 0000000000000000    %rbx: 0000000000000000
  %rsp: 0000000000000000    %rbp: 0000000000000000
  %rsi: 0000000000000000    %rdi: 0000000000000000

Executing: irmovq 0x5, %rax
Y86 CPU state:
  %rip: 000000000000010a   flags: Z0 S0 O0     AOK
  %rax: 0000000000000005    %rcx: 0000000000000000
  %rdx: 0000000000000000    %rbx: 0000000000000000
  %rsp: 0000000000000000    %rbp: 0000000000000000
  %rsi: 0000000000000000    %rdi: 0000000000000000

Executing: irmovq 0xa, %rbx
Y86 CPU state:
  %rip: 0000000000000114   flags: Z0 S0 O0     AOK
  %rax: 0000000000000005    %rcx: 0000000000000000
  %rdx: 0000000000000000    %rbx: 000000000000000a
  %rsp: 0000000000000000    %rbp: 0000000000000000
  %rsi: 0000000000000000    %rdi: 0000000000000000

Executing: rrmovq %rbx, %rcx
Y86 CPU state:
  %rip: 0000000000000116   flags: Z0 S0 O0     AOK
  %rax: 0000000000000005    %rcx: 000000000000000a
  %rdx: 0000000000000000    %rbx: 000000000000000a
  %rsp: 0000000000000000    %rbp: 0000000000000000
  %rsi: 0000000000000000    %rdi: 0000000000000000

Executing: irmovq 0x5, %rax
Y86 CPU state:
  %rip: 0000000000000120   flags: Z0 S0 O0     AOK
  %rax: 0000000000000005    %rcx: 000000000000000a
  %rdx: 0000000000000000    %rbx: 000000000000000a
  %rsp: 0000000000000000    %rbp: 0000000000000000
  %rsi: 0000000000000000    %rdi: 0000000000000000

Executing: sub %rbx, %rax
Y86 CPU state:
  %rip: 0000000000000122   flags: Z0 S1 O0     AOK
  %rax: fffffffffffffffb    %rcx: 000000000000000a
  %rdx: 0000000000000000    %rbx: 000000000000000a
  %rsp: 0000000000000000    %rbp: 0000000000000000
  %rsi: 0000000000000000    %rdi: 0000000000000000

Executing: cmovne %rcx, %rdx
Y86 CPU state:
  %rip: 0000000000000124   flags: Z0 S1 O0     AOK
  %rax: fffffffffffffffb    %rcx: 000000000000000a
  %rdx: 000000000000000a    %rbx: 000000000000000a
  %rsp: 0000000000000000    %rbp: 0000000000000000
  %rsi: 0000000000000000    %rdi: 0000000000000000

Executing: irmovq 0x5, %rax
Y86 CPU state:
  %rip: 000000000000012e   flags: Z0 S1 O0     AOK
  %rax: 0000000000000005    %rcx: 000000000000000a
  %rdx: 000000000000000a    %rbx: 000000000000000a
  %rsp: 0000000000000000    %rbp: 0000000000000000
  %rsi: 0000000000000000    %rdi: 0000000000000000

Executing: sub %rbx, %rax
Y86 CPU state:
  %rip: 0000000000000130   flags: Z0 S1 O0     AOK
  %rax: fffffffffffffffb    %rcx: 000000000000000a
  %rdx: 000000000000000a    %rbx: 000000000000000a
  %rsp: 0000000000000000    %rbp: 0000000000000000
  %rsi: 0000000000000000    %rdi: 0000000000000000

Executing: cmovl %rcx, %rdx
Y86 CPU state:
  %rip: 0000000000000132   flags: Z0 S1 O0     AOK
  %rax: fffffffffffffffb    %rcx: 000000000000000a
  %rdx: 000000000000000a    %rbx: 000000000000000a
  %rsp: 0000000000000000    %rbp: 0000000000000000
  %rsi: 0000000000000000    %rdi: 0000000000000000

Executing: irmovq 0x5, %rax
Y86 CPU state:
  %rip: 000000000000013c   flags: Z0 S1 O0     AOK
  %rax: 0000000000000005    %rcx: 000000000000000a
  %rdx: 000000000000000a    %rbx: 000000000000000a
  %rsp: 0000000000000000    %rbp: 0000000000000000
  %rsi: 0000000000000000    %rdi: 0000000000000000

Executing: sub %rbx, %rax
Y86 CPU state:
  %rip: 000000000000013e   flags: Z0 S1 O0     AOK
  %rax: fffffffffffffffb    %rcx: 000000000000000a
  %rdx: 000000000000000a    %rbx: 000000000000000a
  %rsp: 0000000000000000    %rbp: 0000000000000000
  %rsi: 0000000000000000    %rdi: 0000000000000000

Executing: cmovle %rcx, %rdx
Y86 CPU state:
  %rip: 0000000000000140   flags: Z0 S1 O0     AOK
  %rax: fffffffffffffffb    %rcx: 000000000000000a
  %rdx: 000000000000000a    %rbx: 000000000000000a
  %rsp: 0000000000000000    %rbp: 0000000000000000
  %rsi: 0000000000000000    %rdi: 0000000000000000

Executing: irmovq 0x5, %rax
Y86 CPU state:
  %rip: 000000000000014a   flags: Z0 S1 O0     AOK
  %rax: 0000000000000005    %rcx: 000000000000000a
  %rdx: 000000000000000a    %rbx: 000000000000000a
  %rsp: 0000000000000000    %rbp: 0000000000000000
  %rsi: 0000000000000000    %rdi: 0000000000000000

Executing: sub %rbx, %rax
Y86 CPU state:
  %rip: 000000000000014c   flags: Z0 S1 O0     AOK
  %rax: fffffffffffffffb    %rcx: 000000000000000a
  %rdx: 000000000000000a    %rbx: 000000000000000a
  %rsp: 0000000000000000    %rbp: 0000000000000000
  %rsi: 0000000000000000    %rdi: 0000000000000000

Executing: cmove %rcx, %rdi
Y86 CPU state:
  %rip: 000000000000014e   flags: Z0 S1 O0     AOK
  %rax: fffffffffffffffb    %rcx: 000000000000000a
  %rdx: 000000000000000a    %rbx: 000000000000000a
  %rsp: 0000000000000000    %rbp: 0000000000000000
  %rsi: 0000000000000000    %rdi: 0000000000000000

Executing: irmovq 0x5, %rax
Y86 CPU state:
  %rip: 0000000000000158   flags: Z0 S1 O0     AOK
  %rax: 0000000000000005    %rcx: 000000000000000a
  %rdx: 000000000000000a    %rbx: 000000000000000a
  %rsp: 0000000000000000    %rbp: 0000000000000000
  %rsi: 0000000000000000    %rdi: 0000000000000000

Executing: sub %rbx, %rax
Y86 CPU state:
  %rip: 000000000000015a   flags: Z0 S1 O0     AOK
  %rax: fffffffffffffffb    %rcx: 000000000000000a
  %rdx: 000000000000000a    %rbx: 000000000000000a
  %rsp: 0000000000000000    %rbp: 0000000000000000
  %rsi: 0000000000000000    %rdi: 0000000000000000

Executing: cmovg %rcx, %rdi
Y86 CPU state:
  %rip: 000000000000015c   flags: Z0 S1 O0     AOK
  %rax: fffffffffffffffb    %rcx: 000000000000000a
  %rdx: 000000000000000a    %rbx: 000000000000000a
  %rsp: 0000000000000000    %rbp: 0000000000000000
  %rsi: 0000000000000000    %rdi: 0000000000000000

Executing: irmovq 0x5, %rax
Y86 CPU state:
  %rip: 0000000000000166   flags: Z0 S1 O0     AOK
  %rax: 0000000000000005    %rcx: 000000000000000a
  %rdx: 000000000000000a    %rbx: 000000000000000a
  %rsp: 0000000000000000    %rbp: 0000000000000000
  %rsi: 0000000000000000    %rdi: 0000000000000000

Executing: sub %rbx, %rax
Y86 CPU state:
  %rip: 0000000000000168   flags: Z0 S1 O0     AOK
  %rax: fffffffffffffffb    %rcx: 000000000000000a
  %rdx: 000000000000000a    %rbx: 000000000000000a
  %rsp: 0000000000000000    %rbp: 0000000000000000
  %rsi: 0000000000000000    %rdi: 0000000000000000

Executing: cmovge %rcx, %rdi
Y86 CPU state:
  %rip: 000000000000016a   flags: Z0 S1 O0     AOK
  %rax: fffffffffffffffb    %rcx: 000000000000000a
  %rdx: 000000000000000a    %rbx: 000000000000000a
  %rsp: 0000000000000000    %rbp: 0000000000000000
  %rsi: 0000000000000000    %rdi: 0000000000000000

Executing: irmovq 0x0, %rcx
Y86 CPU state:
  %rip: 0000000000000174   flags: Z0 S1 O0     AOK
  %rax: fffffffffffffffb    %rcx: 0000000000000000
  %rdx: 000000000000000a    %rbx: 000000000000000a
  %rsp: 0000000000000000    %rbp: 0000000000000000
  %rsi: 0000000000000000    %rdi: 0000000000000000

Executing: irmovq 0xf, %rax
Y86 CPU state:
  %rip: 000000000000017e   flags: Z0 S1 O0     AOK
  %rax: 000000000000000f    %rcx: 0000000000000000
  %rdx: 000000000000000a    %rbx: 000000000000000a
  %rsp: 0000000000000000    %rbp: 0000000000000000
  %rsi: 0000000000000000    %rdi: 0000000000000000

Executing: sub %rbx, %rax
Y86 CPU state:
  %rip: 0000000000000180   flags: Z0 S0 O0     AOK
  %rax: 0000000000000005    %rcx: 0000000000000000
  %rdx: 000000000000000a    %rbx: 000000000000000a
  %rsp: 0000000000000000    %rbp: 0000000000000000
  %rsi: 0000000000000000    %rdi: 0000000000000000

Executing: cmovne %rcx, %rdi
Y86 CPU state:
  %rip: 0000000000000182   flags: Z0 S0 O0     AOK
  %rax: 0000000000000005    %rcx: 0000000000000000
  %rdx: 000000000000000a    %rbx: 000000000000000a
  %rsp: 0000000000000000    %rbp: 0000000000000000
  %rsi: 0000000000000000    %rdi: 0000000000000000

Executing: irmovq 0xf, %rax
Y86 CPU state:
  %rip: 000000000000018c   flags: Z0 S0 O0     AOK
  %rax: 000000000000000f    %rcx: 0000000000000000
  %rdx: 000000000000000a    %rbx: 000000000000000a
  %rsp: 0000000000000000    %rbp: 0000000000000000
  %rsi: 0000000000000000    %rdi: 0000000000000000

Executing: sub %rbx, %rax
Y86 CPU state:
  %rip: 000000000000018e   flags: Z0 S0 O0     AOK
  %rax: 0000000000000005    %rcx: 0000000000000000
  %rdx: 000000000000000a    %rbx: 000000000000000a
  %rsp: 0000000000000000    %rbp: 0000000000000000
  %rsi: 0000000000000000    %rdi: 0000000000000000

Executing: cmovl %rcx, %rdi
Y86 CPU state:
  %rip: 0000000000000190   flags: Z0 S0 O0     AOK
  %rax: 0000000000000005    %rcx: 0000000000000000
  %rdx: 000000000000000a    %rbx: 000000000000000a
  %rsp: 0000000000000000    %rbp: 0000000000000000
  %rsi: 0000000000000000    %rdi: 0000000000000000

Executing: irmovq 0xf, %rax
Y86 CPU state:
  %rip: 000000000000019a   flags: Z0 S0 O0     AOK
  %rax: 000000000000000f    %rcx: 0000000000000000
  %rdx: 000000000000000a    %rbx: 000000000000000a
  %rsp: 0000000000000000    %rbp: 0000000000000000
  %rsi: 0000000000000000    %rdi: 0000000000000000

Executing: sub %rbx, %rax
Y86 CPU state:
  %rip: 000000000000019c   flags: Z0 S0 O0     AOK
  %rax: 0000000000000005    %rcx: 0000000000000000
  %rdx: 000000000000000a    %rbx: 000000000000000a
  %rsp: 0000000000000000    %rbp: 0000000000000000
  %rsi: 0000000000000000    %rdi: 0000000000000000

Executing: cmovle %rcx, %rdi
Y86 CPU state:
  %rip: 000000000000019e   flags: Z0 S0 O0     AOK
  %rax: 0000000000000005    %rcx: 0000000000000000
  %rdx: 000000000000000a    %rbx: 000000000000000a
  %rsp: 0000000000000000    %rbp: 0000000000000000
  %rsi: 0000000000000000    %rdi: 0000000000000000

Executing: irmovq 0xf, %rax
Y86 CPU state:
  %rip: 00000000000001a8   flags: Z0 S0 O0     AOK
  %rax: 000000000000000f    %rcx: 0000000000000000
  %rdx: 000000000000000a    %rbx: 000000000000000a
  %rsp: 0000000000000000    %rbp: 0000000000000000
  %rsi: 0000000000000000    %rdi: 0000000000000000

Executing: sub %rbx, %rax
Y86 CPU state:
  %rip: 00000000000001aa   flags: Z0 S0 O0     AOK
  %rax: 0000000000000005    %rcx: 0000000000000000
  %rdx: 000000000000000a    %rbx: 000000000000000a
  %rsp: 0000000000000000    %rbp: 0000000000000000
  %rsi: 0000000000000000    %rdi: 0000000000000000

Executing: cmove %rcx, %rdx
Y86 CPU state:
  %rip: 00000000000001ac   flags: Z0 S0 O0     AOK
  %rax: 0000000000000005    %rcx: 0000000000000000
  %rdx: 000000000000000a    %rbx: 000000000000000a
  %rsp: 0000000000000000    %rbp: 0000000000000000
  %rsi: 0000000000000000    %rdi: 0000000000000000

Executing: irmovq 0xf, %rax
Y86 CPU state:
  %rip: 00000000000001b6   flags: Z0 S0 O0     AOK
  %rax: 000000000000000f    %rcx: 0000000000000000
  %rdx: 000000000000000a    %rbx: 000000000000000a
  %rsp: 0000000000000000    %rbp: 0000000000000000
  %rsi: 0000000000000000    %rdi: 0000000000000000

Executing: sub %rbx, %rax
Y86 CPU state:
  %rip: 00000000000001b8   flags: Z0 S0 O0     AOK
  %rax: 0000000000000005    %rcx: 0000000000000000
  %rdx: 000000000000000a    %rbx: 000000000000000a
  %rsp: 0000000000000000    %rbp: 0000000000000000
  %rsi: 0000000000000000    %rdi: 0000000000000000

Executing: cmovg %rcx, %rdx
Y86 CPU state:
  %rip: 00000000000001ba   flags: Z0 S0 O0     AOK
  %rax: 0000000000000005    %rcx: 0000000000000000
  %rdx: 0000000000000000    %rbx: 000000000000000a
  %rsp: 0000000000000000    %rbp: 0000000000000000
  %rsi: 0000000000000000    %rdi: 0000000000000000

Executing: irmovq 0xf, %rax
Y86 CPU state:
  %rip: 00000000000001c4   flags: Z0 S0 O0     AOK
  %rax: 000000000000000f    %rcx: 0000000000000000
  %rdx: 0000000000000000    %rbx: 000000000000000a
  %rsp: 0000000000000000    %rbp: 0000000000000000
  %rsi: 0000000000000000    %rdi: 0000000000000000

Executing: sub %rbx, %rax
Y86 CPU state:
  %rip: 00000000000001c6   flags: Z0 S0 O0     AOK
  %rax: 0000000000000005    %rcx: 0000000000000000
  %rdx: 0000000000000000    %rbx: 000000000000000a
  %rsp: 0000000000000000    %rbp: 0000000000000000
  %rsi: 0000000000000000    %rdi: 0000000000000000

Executing: cmovge %rcx, %rdx
Y86 CPU state:
  %rip: 00000000000001c8   flags: Z0 S0 O0     AOK
  %rax: 0000000000000005    %rcx: 0000000000000000
  %rdx: 0000000000000000    %rbx: 000000000000000a
  %rsp: 0000000000000000    %rbp: 0000000000000000
  %rsi: 0000000000000000    %rdi: 0000000000000000

Executing: halt
Y86 CPU state:
  %rip: 0000000000000000   flags: Z0 S0 O0     HLT
  %rax: 0000000000000005    %rcx: 0000000000000000
  %rdx: 0000000000000000    %rbx: 000000000000000a
  %rsp: 0000000000000000    %rbp: 0000000000000000
  %rsi: 0000000000000000    %rdi: 0000000000000000
Total execution count: 41
