Beginning execution at 0x0100
Y86 CPU state:
  %rip: 0000000000000100   flags: Z0 S0 O0     AOK
  %rax: 0000000000000000    %rcx: 0000000000000000
  %rdx: 0000000000000000    %rbx: 0000000000000000
  %rsp: 0000000000000000    %rbp: 0000000000000000
  %rsi: 0000000000000000    %rdi: 0000000000000000

Executing: irmovq 0xf00, %rsp
Y86 CPU state:
  %rip: 000000000000010a   flags: Z0 S0 O0     AOK
  %rax: 0000000000000000    %rcx: 0000000000000000
  %rdx: 0000000000000000    %rbx: 0000000000000000
  %rsp: 0000000000000f00    %rbp: 0000000000000000
  %rsi: 0000000000000000    %rdi: 0000000000000000

Executing: call 0x114
Memory write to 0x0ef8: 0x113
Y86 CPU state:
  %rip: 0000000000000114   flags: Z0 S0 O0     AOK
  %rax: 0000000000000000    %rcx: 0000000000000000
  %rdx: 0000000000000000    %rbx: 0000000000000000
  %rsp: 0000000000000ef8    %rbp: 0000000000000000
  %rsi: 0000000000000000    %rdi: 0000000000000000

Executing: call 0x11e
Memory write to 0x0ef0: 0x11d
Y86 CPU state:
  %rip: 000000000000011e   flags: Z0 S0 O0     AOK
  %rax: 0000000000000000    %rcx: 0000000000000000
  %rdx: 0000000000000000    %rbx: 0000000000000000
  %rsp: 0000000000000ef0    %rbp: 0000000000000000
  %rsi: 0000000000000000    %rdi: 0000000000000000

Executing: ret
Y86 CPU state:
  %rip: 000000000000011d   flags: Z0 S0 O0     AOK
  %rax: 0000000000000000    %rcx: 0000000000000000
  %rdx: 0000000000000000    %rbx: 0000000000000000
  %rsp: 0000000000000ef8    %rbp: 0000000000000000
  %rsi: 0000000000000000    %rdi: 0000000000000000

Executing: ret
Y86 CPU state:
  %rip: 0000000000000113   flags: Z0 S0 O0     AOK
  %rax: 0000000000000000    %rcx: 0000000000000000
  %rdx: 0000000000000000    %rbx: 0000000000000000
  %rsp: 0000000000000f00    %rbp: 0000000000000000
  %rsi: 0000000000000000    %rdi: 0000000000000000

Executing: halt
Y86 CPU state:
  %rip: 0000000000000000   flags: Z0 S0 O0     HLT
  %rax: 0000000000000000    %rcx: 0000000000000000
  %rdx: 0000000000000000    %rbx: 0000000000000000
  %rsp: 0000000000000f00    %rbp: 0000000000000000
  %rsi: 0000000000000000    %rdi: 0000000000000000
Total execution count: 6
