Beginning execution at 0x0100
Y86 CPU state:
  %rip: 0000000000000100   flags: Z0 S0 O0     AOK
  %rax: 0000000000000000    %rcx: 0000000000000000
  %rdx: 0000000000000000    %rbx: 0000000000000000
  %rsp: 0000000000000000    %rbp: 0000000000000000
  %rsi: 0000000000000000    %rdi: 0000000000000000

Executing: irmovq 0xf00, %rsp
Y86 CPU state:
  %rip: 000000000000010a   flags: Z0 S0 O0     AOK
  %rax: 0000000000000000    %rcx: 0000000000000000
  %rdx: 0000000000000000    %rbx: 0000000000000000
  %rsp: 0000000000000f00    %rbp: 0000000000000000
  %rsi: 0000000000000000    %rdi: 0000000000000000

Executing: pushq %rsp
Memory write to 0x0ef8: 0xf00
Y86 CPU state:
  %rip: 000000000000010c   flags: Z0 S0 O0     AOK
  %rax: 0000000000000000    %rcx: 0000000000000000
  %rdx: 0000000000000000    %rbx: 0000000000000000
  %rsp: 0000000000000ef8    %rbp: 0000000000000000
  %rsi: 0000000000000000    %rdi: 0000000000000000

Executing: popq %rax
Y86 CPU state:
  %rip: 000000000000010e   flags: Z0 S0 O0     AOK
  %rax: 0000000000000f00    %rcx: 0000000000000000
  %rdx: 0000000000000000    %rbx: 0000000000000000
  %rsp: 0000000000000f00    %rbp: 0000000000000000
  %rsi: 0000000000000000    %rdi: 0000000000000000

Executing: halt
Y86 CPU state:
  %rip: 0000000000000000   flags: Z0 S0 O0     HLT
  %rax: 0000000000000f00    %rcx: 0000000000000000
  %rdx: 0000000000000000    %rbx: 0000000000000000
  %rsp: 0000000000000f00    %rbp: 0000000000000000
  %rsi: 0000000000000000    %rdi: 0000000000000000
Total execution count: 4
