Beginning execution at 0x0250
Memory write to 0x0ef8: 0x263
Y86 CPU state:
  %rip: 0000000000000000   flags: Z0 S0 O0     HLT
  %rax: 0000000000000005    %rcx: 0000000000000003
  %rdx: 0000000000000000    %rbx: 0000000000000000
  %rsp: 0000000000000f00    %rbp: 0000000000000000
  %rsi: 0000000000000000    %rdi: 0000000000000000
Total execution count: 7
