Beginning execution at 0x0100
Y86 CPU state:
  %rip: 0000000000000100   flags: Z0 S0 O0     AOK
  %rax: 0000000000000000    %rcx: 0000000000000000
  %rdx: 0000000000000000    %rbx: 0000000000000000
  %rsp: 0000000000000000    %rbp: 0000000000000000
  %rsi: 0000000000000000    %rdi: 0000000000000000

Executing: irmovq 0xfedcba9876543210, %rax
Y86 CPU state:
  %rip: 000000000000010a   flags: Z0 S0 O0     AOK
  %rax: fedcba9876543210    %rcx: 0000000000000000
  %rdx: 0000000000000000    %rbx: 0000000000000000
  %rsp: 0000000000000000    %rbp: 0000000000000000
  %rsi: 0000000000000000    %rdi: 0000000000000000

Executing: irmovq 0x200, %rbx
Y86 CPU state:
  %rip: 0000000000000114   flags: Z0 S0 O0     AOK
  %rax: fedcba9876543210    %rcx: 0000000000000000
  %rdx: 0000000000000000    %rbx: 0000000000000200
  %rsp: 0000000000000000    %rbp: 0000000000000000
  %rsi: 0000000000000000    %rdi: 0000000000000000

Executing: rmmovq %rax, 0x0(%rbx)
Memory write to 0x0200: 0xfedcba9876543210
Y86 CPU state:
  %rip: 000000000000011e   flags: Z0 S0 O0     AOK
  %rax: fedcba9876543210    %rcx: 0000000000000000
  %rdx: 0000000000000000    %rbx: 0000000000000200
  %rsp: 0000000000000000    %rbp: 0000000000000000
  %rsi: 0000000000000000    %rdi: 0000000000000000

Executing: mrmovq 0x0(%rbx), %rcx
Y86 CPU state:
  %rip: 0000000000000128   flags: Z0 S0 O0     AOK
  %rax: fedcba9876543210    %rcx: fedcba9876543210
  %rdx: 0000000000000000    %rbx: 0000000000000200
  %rsp: 0000000000000000    %rbp: 0000000000000000
  %rsi: 0000000000000000    %rdi: 0000000000000000

Executing: mrmovq 0x8(%rbx), %rdx
Y86 CPU state:
  %rip: 0000000000000132   flags: Z0 S0 O0     AOK
  %rax: fedcba9876543210    %rcx: fedcba9876543210
  %rdx: 0123456789abcdef    %rbx: 0000000000000200
  %rsp: 0000000000000000    %rbp: 0000000000000000
  %rsi: 0000000000000000    %rdi: 0000000000000000

Executing: halt
Y86 CPU state:
  %rip: 0000000000000000   flags: Z0 S0 O0     HLT
  %rax: fedcba9876543210    %rcx: fedcba9876543210
  %rdx: 0123456789abcdef    %rbx: 0000000000000200
  %rsp: 0000000000000000    %rbp: 0000000000000000
  %rsi: 0000000000000000    %rdi: 0000000000000000
Total execution count: 6
