Beginning execution at 0x0100
Y86 CPU state:
  %rip: 0000000000000100   flags: Z0 S0 O0     AOK
  %rax: 0000000000000000    %rcx: 0000000000000000
  %rdx: 0000000000000000    %rbx: 0000000000000000
  %rsp: 0000000000000000    %rbp: 0000000000000000
  %rsi: 0000000000000000    %rdi: 0000000000000000

Executing: irmovq 0x1, %rax
Y86 CPU state:
  %rip: 000000000000010a   flags: Z0 S0 O0     AOK
  %rax: 0000000000000001    %rcx: 0000000000000000
  %rdx: 0000000000000000    %rbx: 0000000000000000
  %rsp: 0000000000000000    %rbp: 0000000000000000
  %rsi: 0000000000000000    %rdi: 0000000000000000

Executing: irmovq 0xf, %rbx
Y86 CPU state:
  %rip: 0000000000000114   flags: Z0 S0 O0     AOK
  %rax: 0000000000000001    %rcx: 0000000000000000
  %rdx: 0000000000000000    %rbx: 000000000000000f
  %rsp: 0000000000000000    %rbp: 0000000000000000
  %rsi: 0000000000000000    %rdi: 0000000000000000

Executing: irmovq 0x1234, %rcx
Y86 CPU state:
  %rip: 000000000000011e   flags: Z0 S0 O0     AOK
  %rax: 0000000000000001    %rcx: 0000000000001234
  %rdx: 0000000000000000    %rbx: 000000000000000f
  %rsp: 0000000000000000    %rbp: 0000000000000000
  %rsi: 0000000000000000    %rdi: 0000000000000000

Executing: irmovq 0x1122334455667788, %rdx
Y86 CPU state:
  %rip: 0000000000000128   flags: Z0 S0 O0     AOK
  %rax: 0000000000000001    %rcx: 0000000000001234
  %rdx: 1122334455667788    %rbx: 000000000000000f
  %rsp: 0000000000000000    %rbp: 0000000000000000
  %rsi: 0000000000000000    %rdi: 0000000000000000

Executing: irmovq 0x8877665544332211, %rsi
Y86 CPU state:
  %rip: 0000000000000132   flags: Z0 S0 O0     AOK
  %rax: 0000000000000001    %rcx: 0000000000001234
  %rdx: 1122334455667788    %rbx: 000000000000000f
  %rsp: 0000000000000000    %rbp: 0000000000000000
  %rsi: 8877665544332211    %rdi: 0000000000000000

Executing: irmovq 0xffffffffffffffff, %rdi
Y86 CPU state:
  %rip: 000000000000013c   flags: Z0 S0 O0     AOK
  %rax: 0000000000000001    %rcx: 0000000000001234
  %rdx: 1122334455667788    %rbx: 000000000000000f
  %rsp: 0000000000000000    %rbp: 0000000000000000
  %rsi: 8877665544332211    %rdi: ffffffffffffffff

Executing: irmovq 0x0, %rbp
Y86 CPU state:
  %rip: 0000000000000146   flags: Z0 S0 O0     AOK
  %rax: 0000000000000001    %rcx: 0000000000001234
  %rdx: 1122334455667788    %rbx: 000000000000000f
  %rsp: 0000000000000000    %rbp: 0000000000000000
  %rsi: 8877665544332211    %rdi: ffffffffffffffff

Executing: irmovq 0xdeadbeef, %rsp
Y86 CPU state:
  %rip: 0000000000000150   flags: Z0 S0 O0     AOK
  %rax: 0000000000000001    %rcx: 0000000000001234
  %rdx: 1122334455667788    %rbx: 000000000000000f
  %rsp: 00000000deadbeef    %rbp: 0000000000000000
  %rsi: 8877665544332211    %rdi: ffffffffffffffff

Executing: halt
Y86 CPU state:
  %rip: 0000000000000000   flags: Z0 S0 O0     HLT
  %rax: 0000000000000001    %rcx: 0000000000001234
  %rdx: 1122334455667788    %rbx: 000000000000000f
  %rsp: 00000000deadbeef    %rbp: 0000000000000000
  %rsi: 8877665544332211    %rdi: ffffffffffffffff
Total execution count: 9
