Beginning execution at 0x0100
Y86 CPU state:
  %rip: 0000000000000100   flags: Z0 S0 O0     AOK
  %rax: 0000000000000000    %rcx: 0000000000000000
  %rdx: 0000000000000000    %rbx: 0000000000000000
  %rsp: 0000000000000000    %rbp: 0000000000000000
  %rsi: 0000000000000000    %rdi: 0000000000000000

Executing: irmovq 0x5, %rax
Y86 CPU state:
  %rip: 000000000000010a   flags: Z0 S0 O0     AOK
  %rax: 0000000000000005    %rcx: 0000000000000000
  %rdx: 0000000000000000    %rbx: 0000000000000000
  %rsp: 0000000000000000    %rbp: 0000000000000000
  %rsi: 0000000000000000    %rdi: 0000000000000000

Executing: irmovq 0x5, %rbx
Y86 CPU state:
  %rip: 0000000000000114   flags: Z0 S0 O0     AOK
  %rax: 0000000000000005    %rcx: 0000000000000000
  %rdx: 0000000000000000    %rbx: 0000000000000005
  %rsp: 0000000000000000    %rbp: 0000000000000000
  %rsi: 0000000000000000    %rdi: 0000000000000000

Executing: irmovq 0x5, %rcx
Y86 CPU state:
  %rip: 000000000000011e   flags: Z0 S0 O0     AOK
  %rax: 0000000000000005    %rcx: 0000000000000005
  %rdx: 0000000000000000    %rbx: 0000000000000005
  %rsp: 0000000000000000    %rbp: 0000000000000000
  %rsi: 0000000000000000    %rdi: 0000000000000000

Executing: irmovq 0x5, %rdx
Y86 CPU state:
  %rip: 0000000000000128   flags: Z0 S0 O0     AOK
  %rax: 0000000000000005    %rcx: 0000000000000005
  %rdx: 0000000000000005    %rbx: 0000000000000005
  %rsp: 0000000000000000    %rbp: 0000000000000000
  %rsi: 0000000000000000    %rdi: 0000000000000000

Executing: irmovq 0x3, %rdi
Y86 CPU state:
  %rip: 0000000000000132   flags: Z0 S0 O0     AOK
  %rax: 0000000000000005    %rcx: 0000000000000005
  %rdx: 0000000000000005    %rbx: 0000000000000005
  %rsp: 0000000000000000    %rbp: 0000000000000000
  %rsi: 0000000000000000    %rdi: 0000000000000003

Executing: add %rdi, %rax
Y86 CPU state:
  %rip: 0000000000000134   flags: Z0 S0 O0     AOK
  %rax: 0000000000000008    %rcx: 0000000000000005
  %rdx: 0000000000000005    %rbx: 0000000000000005
  %rsp: 0000000000000000    %rbp: 0000000000000000
  %rsi: 0000000000000000    %rdi: 0000000000000003

Executing: sub %rdi, %rbx
Y86 CPU state:
  %rip: 0000000000000136   flags: Z0 S0 O0     AOK
  %rax: 0000000000000008    %rcx: 0000000000000005
  %rdx: 0000000000000005    %rbx: 0000000000000002
  %rsp: 0000000000000000    %rbp: 0000000000000000
  %rsi: 0000000000000000    %rdi: 0000000000000003

Executing: and %rdi, %rcx
Y86 CPU state:
  %rip: 0000000000000138   flags: Z0 S0 O0     AOK
  %rax: 0000000000000008    %rcx: 0000000000000001
  %rdx: 0000000000000005    %rbx: 0000000000000002
  %rsp: 0000000000000000    %rbp: 0000000000000000
  %rsi: 0000000000000000    %rdi: 0000000000000003

Executing: xor %rdi, %rdx
Y86 CPU state:
  %rip: 000000000000013a   flags: Z0 S0 O0     AOK
  %rax: 0000000000000008    %rcx: 0000000000000001
  %rdx: 0000000000000006    %rbx: 0000000000000002
  %rsp: 0000000000000000    %rbp: 0000000000000000
  %rsi: 0000000000000000    %rdi: 0000000000000003

Executing: halt
Y86 CPU state:
  %rip: 0000000000000000   flags: Z0 S0 O0     HLT
  %rax: 0000000000000008    %rcx: 0000000000000001
  %rdx: 0000000000000006    %rbx: 0000000000000002
  %rsp: 0000000000000000    %rbp: 0000000000000000
  %rsi: 0000000000000000    %rdi: 0000000000000003
Total execution count: 10
