Beginning execution at 0x0100
Y86 CPU state:
  %rip: 0000000000000000   flags: Z0 S0 O0     HLT
  %rax: 0000000000000008    %rcx: 0000000000000001
  %rdx: 0000000000000006    %rbx: 0000000000000002
  %rsp: 0000000000000000    %rbp: 0000000000000000
  %rsi: 0000000000000000    %rdi: 0000000000000003
Total execution count: 10
